// Jest Snapshot v1, https://goo.gl/fbAQLP

exports[`App matches snapshot 1`] = `
<App>
  <div
    className="App"
  >
    <HelmetWrapper
      defer={true}
      encodeSpecialCharacters={true}
    >
      <SideEffect(NullComponent)
        defer={true}
        encodeSpecialCharacters={true}
        meta={
          Array [
            Object {
              "charset": "utf-8",
            },
          ]
        }
        title="JeongHun Kong's BlahBlah"
        titleAttributes={Object {}}
      >
        <NullComponent
          defer={true}
          encodeSpecialCharacters={true}
          meta={
            Array [
              Object {
                "charset": "utf-8",
              },
            ]
          }
          title="JeongHun Kong's BlahBlah"
          titleAttributes={Object {}}
        />
      </SideEffect(NullComponent)>
    </HelmetWrapper>
  </div>
</App>
`;
